{
    
    "titre": "Easy API testing with ApiTestCase",
    "auteur": "Łukasz A. Chruściel"
}
