{
    "titre": "Clean Code principles",
    "auteur": "Robert C. Martin"
}
